###############################################################################
#
# IAR ELF Linker V8.10.1.12857/W32 for ARM                30/Dec/2017  19:25:57
# Copyright 2007-2017 IAR Systems AB.
#
#    Output file  =  
#        C:\Users\19071_000\Desktop\K60_Car\program\program\iar\RAM\Exe\program_K60DZ10.out
#    Map file     =  
#        C:\Users\19071_000\Desktop\K60_Car\program\program\iar\RAM\List\program_K60DZ10.map
#    Command line =  
#        -f C:\Users\19071_~1\AppData\Local\Temp\EWF25A.tmp
#        (C:\Users\19071_000\Desktop\K60_Car\program\program\iar\RAM\Obj\alloc.o
#        C:\Users\19071_000\Desktop\K60_Car\program\program\iar\RAM\Obj\assert.o
#        C:\Users\19071_000\Desktop\K60_Car\program\program\iar\RAM\Obj\blind.o
#        C:\Users\19071_000\Desktop\K60_Car\program\program\iar\RAM\Obj\DEV_SCCB.o
#        C:\Users\19071_000\Desktop\K60_Car\program\program\iar\RAM\Obj\HW_ADC.o
#        C:\Users\19071_000\Desktop\K60_Car\program\program\iar\RAM\Obj\HW_CAN.o
#        C:\Users\19071_000\Desktop\K60_Car\program\program\iar\RAM\Obj\HW_DAC.o
#        C:\Users\19071_000\Desktop\K60_Car\program\program\iar\RAM\Obj\HW_DMA.o
#        C:\Users\19071_000\Desktop\K60_Car\program\program\iar\RAM\Obj\HW_ENET.o
#        C:\Users\19071_000\Desktop\K60_Car\program\program\iar\RAM\Obj\HW_FLASH.o
#        C:\Users\19071_000\Desktop\K60_Car\program\program\iar\RAM\Obj\HW_FLEXBUS.o
#        C:\Users\19071_000\Desktop\K60_Car\program\program\iar\RAM\Obj\HW_FTM.o
#        C:\Users\19071_000\Desktop\K60_Car\program\program\iar\RAM\Obj\HW_GPIO.o
#        C:\Users\19071_000\Desktop\K60_Car\program\program\iar\RAM\Obj\HW_I2C.o
#        C:\Users\19071_000\Desktop\K60_Car\program\program\iar\RAM\Obj\HW_LPTMR.o
#        C:\Users\19071_000\Desktop\K60_Car\program\program\iar\RAM\Obj\HW_MCG.o
#        C:\Users\19071_000\Desktop\K60_Car\program\program\iar\RAM\Obj\HW_NVIC.o
#        C:\Users\19071_000\Desktop\K60_Car\program\program\iar\RAM\Obj\HW_PDB.o
#        C:\Users\19071_000\Desktop\K60_Car\program\program\iar\RAM\Obj\HW_PIT.o
#        C:\Users\19071_000\Desktop\K60_Car\program\program\iar\RAM\Obj\HW_RTC.o
#        C:\Users\19071_000\Desktop\K60_Car\program\program\iar\RAM\Obj\HW_SDHC.o
#        C:\Users\19071_000\Desktop\K60_Car\program\program\iar\RAM\Obj\HW_SPI.o
#        C:\Users\19071_000\Desktop\K60_Car\program\program\iar\RAM\Obj\HW_SYSTICK.o
#        C:\Users\19071_000\Desktop\K60_Car\program\program\iar\RAM\Obj\HW_TSI.o
#        C:\Users\19071_000\Desktop\K60_Car\program\program\iar\RAM\Obj\HW_UART.o
#        C:\Users\19071_000\Desktop\K60_Car\program\program\iar\RAM\Obj\HW_USB.o
#        C:\Users\19071_000\Desktop\K60_Car\program\program\iar\RAM\Obj\HW_WDOG.o
#        C:\Users\19071_000\Desktop\K60_Car\program\program\iar\RAM\Obj\io.o
#        C:\Users\19071_000\Desktop\K60_Car\program\program\iar\RAM\Obj\motor.o
#        C:\Users\19071_000\Desktop\K60_Car\program\program\iar\RAM\Obj\motor_test.o
#        C:\Users\19071_000\Desktop\K60_Car\program\program\iar\RAM\Obj\ov7620.o
#        C:\Users\19071_000\Desktop\K60_Car\program\program\iar\RAM\Obj\printf.o
#        C:\Users\19071_000\Desktop\K60_Car\program\program\iar\RAM\Obj\program.o
#        C:\Users\19071_000\Desktop\K60_Car\program\program\iar\RAM\Obj\queue.o
#        C:\Users\19071_000\Desktop\K60_Car\program\program\iar\RAM\Obj\relocate.o
#        C:\Users\19071_000\Desktop\K60_Car\program\program\iar\RAM\Obj\servo.o
#        C:\Users\19071_000\Desktop\K60_Car\program\program\iar\RAM\Obj\servo_test.o
#        C:\Users\19071_000\Desktop\K60_Car\program\program\iar\RAM\Obj\startup_K60DZ10.o
#        C:\Users\19071_000\Desktop\K60_Car\program\program\iar\RAM\Obj\stdlib.o
#        C:\Users\19071_000\Desktop\K60_Car\program\program\iar\RAM\Obj\system_MK60.o
#        C:\Users\19071_000\Desktop\K60_Car\program\program\iar\RAM\Obj\systick.o
#        C:\Users\19071_000\Desktop\K60_Car\program\program\iar\RAM\Obj\uif.o
#        C:\Users\19071_000\Desktop\K60_Car\program\program\iar\RAM\Obj\usrlib.o
#        --redirect _Printf=_PrintfFullNoMb --redirect _Scanf=_ScanfFullNoMb -o
#        C:\Users\19071_000\Desktop\K60_Car\program\program\iar\RAM\Exe\program_K60DZ10.out
#        --map
#        C:\Users\19071_000\Desktop\K60_Car\program\program\iar\RAM\List\program_K60DZ10.map
#        --config
#        C:\Users\19071_000\Desktop\K60_Car\lib\iar_config_files\LPLD_K60DN512_FLASH.icf
#        --semihosting --entry __iar_program_start "C:\Program Files (x86)\IAR
#        Systems\Embedded Workbench 8.0\arm\CMSIS\Lib\IAR\iar_cortexM4l_math.a"
#        --vfe --text_out locale)
#
###############################################################################

*******************************************************************************
*** RUNTIME MODEL ATTRIBUTES
***

CppFlavor       = *
__SystemLibrary = DLib
__dlib_version  = 6


*******************************************************************************
*** HEAP SELECTION
***

The basic heap was selected because no calls to memory allocation
functions were found in the application outside of system library
functions, and there are calls to deallocation functions in the
application.


*******************************************************************************
*** PLACEMENT SUMMARY
***

"A0":  place at 0x00000000 { ro section .intvec };
"A1":  place at 0x00000410 { ro section .noinit };
"P1":  place in [from 0x00000000 to 0x00080000] { ro, block CodeRelocate };
"P2":  place in [from 0x1fff0410 to 0x20010000] {
          rw, block CodeRelocateRam, block CSTACK, block HEAP };
initialize manually with packing = copy, complex ranges { section .data };
initialize manually with packing = copy, complex ranges { section .textrw };

  Section              Kind        Address    Size  Object
  -------              ----        -------    ----  ------
"A0":                                        0x400
  .intvec              ro code  0x00000000   0x400  startup_K60DZ10.o [1]
                              - 0x00000400   0x400

"P1", part 1 of 2:                             0x0
  .rodata              const    0x00000400     0x0  zero_init3.o [5]

"A1":                                         0x14
  .noinit              ro code  0x00000410    0x10  startup_K60DZ10.o [1]
  .noinit              ro code  0x00000420     0x4  startup_K60DZ10.o [1]
                              - 0x00000424    0x14

"P1", part 2 of 2:                          0x4204
  .text                ro code  0x00000424   0x924  HW_FTM.o [1]
  .text                ro code  0x00000d48    0x14  assert.o [1]
  .text                ro code  0x00000d5c    0x86  ABImemcpy.o [5]
  .text                ro code  0x00000de4   0x4d8  printf.o [1]
  .text                ro code  0x000012bc    0x3a  stdlib.o [1]
  .text                ro code  0x000012f8   0x71c  HW_UART.o [1]
  .text                ro code  0x00001a14   0x618  system_MK60.o [1]
  .text                ro code  0x0000202c    0xa0  relocate.o [1]
  Veneer               ro code  0x000020cc     0x8  - Linker created -
  .text                ro code  0x000020d4   0x198  HW_MCG.o [1]
  .text                ro code  0x0000226c   0x2cc  motor.o [1]
  .text                ro code  0x00002538   0x11c  HW_LPTMR.o [1]
  .text                ro code  0x00002654   0x17c  HW_PIT.o [1]
  .text                ro code  0x000027d0    0x74  HW_GPIO.o [1]
  .text                ro code  0x00002848   0x258  iar_Atan64.o [4]
  .text                ro code  0x00002aa0   0x1a2  DblMul.o [4]
  .text                ro code  0x00002c44   0x178  DblAdd.o [4]
  .text                ro code  0x00002dbc   0x246  DblDiv.o [4]
  .text                ro code  0x00003004    0xd2  DblSub.o [4]
  .text                ro code  0x000030d8   0x218  HW_SPI.o [1]
  .text                ro code  0x000032f0   0x1de  HW_CAN.o [1]
  .text                ro code  0x000034d0   0x190  servo.o [1]
  .text                ro code  0x00003660     0x6  ABImemclr4.o [5]
  .text                ro code  0x00003668    0xfc  FltDiv.o [4]
  .text                ro code  0x00003764    0x48  FltToDbl.o [4]
  .text                ro code  0x000037ac    0xa8  atan64.o [4]
  .text                ro code  0x00003854    0x28  DblToU32.o [4]
  .text                ro code  0x0000387c    0x32  ABImemset48.o [5]
  .text                ro code  0x000038b0   0x168  HW_DMA.o [1]
  .text                ro code  0x00003a18    0xf0  HW_DAC.o [1]
  .text                ro code  0x00003b08    0xcc  HW_I2C.o [1]
  .data_init                    0x00003bd4    0xcc  <Block>
    Initializer bytes  const    0x00003bd4    0xcc  <for .data-1>
  .text                ro code  0x00003ca0    0x80  HW_ENET.o [1]
  .text                ro code  0x00003d20    0x80  HW_PDB.o [1]
  .text                ro code  0x00003da0    0x78  blind.o [1]
  .text                ro code  0x00003e18    0x70  HW_TSI.o [1]
  .text                ro code  0x00003e88    0x60  HW_RTC.o [1]
  CodeRelocate                  0x00003ee8    0x4c  <Block>
    Initializer bytes  const    0x00003ee8    0x4c  <for CodeRelocateRam-1>
  .rodata              const    0x00003f34    0x48  system_MK60.o [1]
  .rodata              const    0x00003f7c    0x44  system_MK60.o [1]
  .rodata              const    0x00003fc0    0x44  system_MK60.o [1]
  .text                ro code  0x00004004    0x40  zero_init3.o [5]
  .rodata              const    0x00004044    0x3c  HW_LPTMR.o [1]
  .rodata              const    0x00004080    0x3c  motor.o [1]
  .rodata              const    0x000040bc    0x38  HW_FTM.o [1]
  .rodata              const    0x000040f4    0x38  HW_PIT.o [1]
  .rodata              const    0x0000412c    0x30  assert.o [1]
  .rodata              const    0x0000415c    0x30  system_MK60.o [1]
  .rodata              const    0x0000418c    0x30  system_MK60.o [1]
  .rodata              const    0x000041bc    0x28  system_MK60.o [1]
  .text                ro code  0x000041e4    0x28  data_init.o [5]
  .rodata              const    0x0000420c    0x24  system_MK60.o [1]
  .rodata              const    0x00004230    0x24  system_MK60.o [1]
  .iar.init_table      const    0x00004254    0x10  - Linker created -
  .rodata              const    0x00004264    0x20  system_MK60.o [1]
  .rodata              const    0x00004284    0x20  system_MK60.o [1]
  .rodata              const    0x000042a4    0x20  system_MK60.o [1]
  .rodata              const    0x000042c4    0x20  system_MK60.o [1]
  .rodata              const    0x000042e4    0x1c  system_MK60.o [1]
  .rodata              const    0x00004300    0x1c  system_MK60.o [1]
  .rodata              const    0x0000431c    0x1c  system_MK60.o [1]
  .text                ro code  0x00004338    0x1c  HW_ADC.o [1]
  .text                ro code  0x00004354    0x1a  cmain.o [5]
  .text                ro code  0x0000436e     0x4  low_level_init.o [3]
  .text                ro code  0x00004372     0x8  program.o [1]
  .text                ro code  0x0000437a     0x4  exit.o [3]
  .text                ro code  0x00004380     0xa  cexit.o [5]
  .text                ro code  0x0000438c    0x14  exit.o [6]
  .rodata              const    0x000043a0    0x18  system_MK60.o [1]
  .rodata              const    0x000043b8    0x18  system_MK60.o [1]
  .rodata              const    0x000043d0    0x18  system_MK60.o [1]
  .rodata              const    0x000043e8    0x18  system_MK60.o [1]
  .rodata              const    0x00004400    0x18  system_MK60.o [1]
  .rodata              const    0x00004418    0x18  system_MK60.o [1]
  .rodata              const    0x00004430    0x18  system_MK60.o [1]
  .rodata              const    0x00004448    0x18  system_MK60.o [1]
  .rodata              const    0x00004460    0x18  system_MK60.o [1]
  .rodata              const    0x00004478    0x18  system_MK60.o [1]
  .rodata              const    0x00004490    0x14  system_MK60.o [1]
  .rodata              const    0x000044a4    0x14  system_MK60.o [1]
  .rodata              const    0x000044b8    0x14  system_MK60.o [1]
  .rodata              const    0x000044cc    0x14  system_MK60.o [1]
  .rodata              const    0x000044e0    0x14  system_MK60.o [1]
  .rodata              const    0x000044f4    0x14  system_MK60.o [1]
  .text                ro code  0x00004508    0x14  io.o [1]
  .rodata              const    0x0000451c    0x10  system_MK60.o [1]
  .rodata              const    0x0000452c    0x10  system_MK60.o [1]
  .rodata              const    0x0000453c    0x10  system_MK60.o [1]
  .text                ro code  0x0000454c    0x10  HW_SYSTICK.o [1]
  .text                ro code  0x0000455c    0x10  HW_USB.o [1]
  .rodata              const    0x0000456c     0xc  system_MK60.o [1]
  .rodata              const    0x00004578     0xc  system_MK60.o [1]
  .text                ro code  0x00004584     0xc  cstartup_M.o [5]
  .rodata              const    0x00004590     0x8  system_MK60.o [1]
  .rodata              const    0x00004598     0x8  system_MK60.o [1]
  .rodata              const    0x000045a0     0x8  system_MK60.o [1]
  .rodata              const    0x000045a8     0x8  system_MK60.o [1]
  .rodata              const    0x000045b0     0x8  system_MK60.o [1]
  .rodata              const    0x000045b8     0x8  system_MK60.o [1]
  .rodata              const    0x000045c0     0x8  system_MK60.o [1]
  .rodata              const    0x000045c8     0x8  system_MK60.o [1]
  .rodata              const    0x000045d0     0x8  system_MK60.o [1]
  .rodata              const    0x000045d8     0x8  system_MK60.o [1]
  .rodata              const    0x000045e0     0x8  system_MK60.o [1]
  .rodata              const    0x000045e8     0x8  system_MK60.o [1]
  .rodata              const    0x000045f0     0x8  system_MK60.o [1]
  .rodata              const    0x000045f8     0x8  system_MK60.o [1]
  .rodata              const    0x00004600     0x8  system_MK60.o [1]
  .rodata              const    0x00004608     0x8  system_MK60.o [1]
  .rodata              const    0x00004610     0x8  system_MK60.o [1]
  .rodata              const    0x00004618     0x8  system_MK60.o [1]
  .rodata              const    0x00004620     0x8  system_MK60.o [1]
                              - 0x00004628  0x4204

"P2", part 1 of 3:                           0x118
  .data                         0x1fff0410    0xcc  <Block>
    .data-1                     0x1fff0410    0xcc  <Init block>
      .data            inited   0x1fff0410    0x30  blind.o [1]
      .data            inited   0x1fff0440    0x88  blind.o [1]
      .data            inited   0x1fff04c8     0x4  HW_MCG.o [1]
      .data            inited   0x1fff04cc     0x4  HW_MCG.o [1]
      .data            inited   0x1fff04d0     0x4  HW_MCG.o [1]
      .data            inited   0x1fff04d4     0x4  HW_MCG.o [1]
      .data            inited   0x1fff04d8     0x4  system_MK60.o [1]
  CodeRelocateRam               0x1fff04dc    0x4c  <Block>
    CodeRelocateRam-1           0x1fff04dc    0x4c  <Init block>
      .textrw          inited   0x1fff04dc    0x4c  HW_MCG.o [1]
                              - 0x1fff0528   0x118

"P2", part 2 of 3:                           0x2e0
  .bss                          0x1fff0528   0x2e0  <Block>
    .bss               zero     0x1fff0528     0x4  blind.o [1]
    .bss               zero     0x1fff052c     0x8  HW_ADC.o [1]
    .bss               zero     0x1fff0534   0x100  HW_CAN.o [1]
    .bss               zero     0x1fff0634    0x40  HW_CAN.o [1]
    .bss               zero     0x1fff0674    0x40  HW_CAN.o [1]
    .bss               zero     0x1fff06b4     0x8  HW_DAC.o [1]
    .bss               zero     0x1fff06bc     0x8  HW_DAC.o [1]
    .bss               zero     0x1fff06c4     0x8  HW_DAC.o [1]
    .bss               zero     0x1fff06cc    0x40  HW_DMA.o [1]
    .bss               zero     0x1fff070c    0x10  HW_ENET.o [1]
    .bss               zero     0x1fff071c     0xc  HW_FTM.o [1]
    .bss               zero     0x1fff0728    0x14  HW_GPIO.o [1]
    .bss               zero     0x1fff073c     0x8  HW_I2C.o [1]
    .bss               zero     0x1fff0744     0x4  HW_LPTMR.o [1]
    .bss               zero     0x1fff0748     0x4  HW_PDB.o [1]
    .bss               zero     0x1fff074c     0x4  HW_PDB.o [1]
    .bss               zero     0x1fff0750    0x10  HW_PIT.o [1]
    .bss               zero     0x1fff0760     0xc  HW_RTC.o [1]
    .bss               zero     0x1fff076c    0x18  HW_SPI.o [1]
    .bss               zero     0x1fff0784    0x18  HW_SPI.o [1]
    .bss               zero     0x1fff079c    0x18  HW_SPI.o [1]
    .bss               zero     0x1fff07b4     0x4  HW_SYSTICK.o [1]
    .bss               zero     0x1fff07b8     0x8  HW_TSI.o [1]
    .bss               zero     0x1fff07c0    0x18  HW_UART.o [1]
    .bss               zero     0x1fff07d8    0x18  HW_UART.o [1]
    .bss               zero     0x1fff07f0     0x4  HW_USB.o [1]
    .bss               zero     0x1fff07f4     0x4  motor.o [1]
    .bss               zero     0x1fff07f8     0x4  motor.o [1]
    .bss               zero     0x1fff07fc     0x4  motor.o [1]
    .bss               zero     0x1fff0800     0x4  motor.o [1]
    .bss               zero     0x1fff0804     0x4  servo.o [1]
                              - 0x1fff0808   0x2e0

"P2", part 3 of 3:                          0x1000
  CSTACK                        0x1fff0808  0x1000  <Block>
    CSTACK             uninit   0x1fff0808  0x1000  <Block tail>
                              - 0x1fff1808  0x1000


*******************************************************************************
*** INIT TABLE
***

          Address     Size
          -------     ----
Zero (__iar_zero_init3)
    1 destination range, total size 0x2e0:
          0x1fff0528  0x2e0



*******************************************************************************
*** MODULE SUMMARY
***

    Module             ro code  rw code  ro data  rw data
    ------             -------  -------  -------  -------
C:\Users\19071_000\Desktop\K60_Car\program\program\iar\RAM\Obj: [1]
    HW_ADC.o                28                          8
    HW_CAN.o               478                        384
    HW_DAC.o               240                         24
    HW_DMA.o               360                         64
    HW_ENET.o              128                         16
    HW_FTM.o             2 340                56       12
    HW_GPIO.o              116                         20
    HW_I2C.o               204                          8
    HW_LPTMR.o             284                60        4
    HW_MCG.o               408       76       92       16
    HW_PDB.o               128                          8
    HW_PIT.o               380                56       16
    HW_RTC.o                96                         12
    HW_SPI.o               536                         72
    HW_SYSTICK.o            16                          4
    HW_TSI.o               112                          8
    HW_UART.o            1 820                         48
    HW_USB.o                16                          4
    assert.o                20                48
    blind.o                120               184      188
    io.o                    20
    motor.o                716                60       16
    printf.o             1 240
    program.o                8
    relocate.o             160
    servo.o                400                          4
    startup_K60DZ10.o    1 044
    stdlib.o                58
    system_MK60.o        1 560             1 216        4
    -----------------------------------------------------
    Total:              13 036       76    1 772      940

command line: [2]
    -----------------------------------------------------
    Total:

dl7M_tln.a: [3]
    exit.o                   4
    low_level_init.o         4
    -----------------------------------------------------
    Total:                   8

m7M_tl.a: [4]
    DblAdd.o               376
    DblDiv.o               582
    DblMul.o               418
    DblSub.o               210
    DblToU32.o              40
    FltDiv.o               252
    FltToDbl.o              72
    atan64.o               168
    iar_Atan64.o           600
    -----------------------------------------------------
    Total:               2 718

rt7M_tl.a: [5]
    ABImemclr4.o             6
    ABImemcpy.o            134
    ABImemset48.o           50
    cexit.o                 10
    cmain.o                 26
    cstartup_M.o            12
    data_init.o             40
    zero_init3.o            64
    -----------------------------------------------------
    Total:                 342

shb_l.a: [6]
    exit.o                  20
    -----------------------------------------------------
    Total:                  20

    Gaps                    24
    Linker created           8                16    4 096
---------------------------------------------------------
    Grand Total:        16 156       76    1 788    5 036


*******************************************************************************
*** ENTRY LIST
***

Entry                      Address   Size  Type      Object
-----                      -------   ----  ----      ------
.bss$$Base              0x1fff0528          --   Gb  - Linker created -
.bss$$Limit             0x1fff0808          --   Gb  - Linker created -
.data$$Base             0x1fff0410          --   Gb  - Linker created -
.data$$Limit            0x1fff04dc          --   Gb  - Linker created -
.data_init$$Base        0x00003bd4          --   Gb  - Linker created -
.data_init$$Limit       0x00003ca0          --   Gb  - Linker created -
.iar.init_table$$Base   0x00004254          --   Gb  - Linker created -
.iar.init_table$$Limit  0x00004264          --   Gb  - Linker created -
?main                   0x00004355         Code  Gb  cmain.o [5]
ADC0_IRQHandler         0x00004339    0xa  Code  Gb  HW_ADC.o [1]
ADC1_IRQHandler         0x00004343    0xa  Code  Gb  HW_ADC.o [1]
ADC_ISR                 0x1fff052c    0x8  Data  Gb  HW_ADC.o [1]
ASSERT_FAILED_STR       0x0000412c   0x30  Data  Gb  assert.o [1]
CAN0_BUS_OFF_IRQHandler
                        0x00003449    0x8  Code  Gb  HW_CAN.o [1]
CAN0_ERR_IRQHandler     0x00003451    0xe  Code  Gb  HW_CAN.o [1]
CAN0_IMEU_IRQHandler    0x00003475    0x2  Code  Gb  HW_CAN.o [1]
CAN0_ISR                0x1fff0634   0x40  Data  Gb  HW_CAN.o [1]
CAN0_LR_IRQHandler      0x00003477    0x2  Code  Gb  HW_CAN.o [1]
CAN0_MESS_IRQHandler    0x00003441    0x8  Code  Gb  HW_CAN.o [1]
CAN0_RW_IRQHandler      0x00003469    0xa  Code  Gb  HW_CAN.o [1]
CAN0_TW_IRQHandler      0x0000345f    0xa  Code  Gb  HW_CAN.o [1]
CAN0_WAKE_UP_IRQHandler
                        0x00003473    0x2  Code  Gb  HW_CAN.o [1]
CAN1_BUS_OFF_IRQHandler
                        0x00003481    0x8  Code  Gb  HW_CAN.o [1]
CAN1_ERR_IRQHandler     0x00003489    0xe  Code  Gb  HW_CAN.o [1]
CAN1_IMEU_IRQHandler    0x000034cb    0x2  Code  Gb  HW_CAN.o [1]
CAN1_ISR                0x1fff0674   0x40  Data  Gb  HW_CAN.o [1]
CAN1_LR_IRQHandler      0x000034cd    0x2  Code  Gb  HW_CAN.o [1]
CAN1_MESS_IRQHandler    0x00003479    0x8  Code  Gb  HW_CAN.o [1]
CAN1_RW_IRQHandler      0x000034a1    0xa  Code  Gb  HW_CAN.o [1]
CAN1_TW_IRQHandler      0x00003497    0xa  Code  Gb  HW_CAN.o [1]
CAN1_WAKE_UP_IRQHandler
                        0x000034c9    0x2  Code  Gb  HW_CAN.o [1]
CSTACK$$Base            0x1fff0808          --   Gb  - Linker created -
CSTACK$$Limit           0x1fff1808          --   Gb  - Linker created -
CodeRelocate$$Base      0x00003ee8          --   Gb  - Linker created -
CodeRelocate$$Limit     0x00003f34          --   Gb  - Linker created -
CodeRelocateRam$$Base   0x1fff04dc          --   Gb  - Linker created -
CodeRelocateRam$$Limit  0x1fff0528          --   Gb  - Linker created -
DAC0_IRQHandler         0x00003a19   0x6a  Code  Gb  HW_DAC.o [1]
DAC1_IRQHandler         0x00003a83   0x6a  Code  Gb  HW_DAC.o [1]
DAC_RDPTBOT_ISR         0x1fff06b4    0x8  Data  Gb  HW_DAC.o [1]
DAC_RDPTTOP_ISR         0x1fff06bc    0x8  Data  Gb  HW_DAC.o [1]
DAC_WATERMK_ISR         0x1fff06c4    0x8  Data  Gb  HW_DAC.o [1]
DMA0_IRQHandler         0x000038b1   0x16  Code  Gb  HW_DMA.o [1]
DMA10_IRQHandler        0x0000398d   0x16  Code  Gb  HW_DMA.o [1]
DMA11_IRQHandler        0x000039a3   0x16  Code  Gb  HW_DMA.o [1]
DMA12_IRQHandler        0x000039b9   0x16  Code  Gb  HW_DMA.o [1]
DMA13_IRQHandler        0x000039cf   0x16  Code  Gb  HW_DMA.o [1]
DMA14_IRQHandler        0x000039e5   0x16  Code  Gb  HW_DMA.o [1]
DMA15_IRQHandler        0x000039fb   0x16  Code  Gb  HW_DMA.o [1]
DMA1_IRQHandler         0x000038c7   0x16  Code  Gb  HW_DMA.o [1]
DMA2_IRQHandler         0x000038dd   0x16  Code  Gb  HW_DMA.o [1]
DMA3_IRQHandler         0x000038f3   0x16  Code  Gb  HW_DMA.o [1]
DMA4_IRQHandler         0x00003909   0x16  Code  Gb  HW_DMA.o [1]
DMA5_IRQHandler         0x0000391f   0x16  Code  Gb  HW_DMA.o [1]
DMA6_IRQHandler         0x00003935   0x16  Code  Gb  HW_DMA.o [1]
DMA7_IRQHandler         0x0000394b   0x16  Code  Gb  HW_DMA.o [1]
DMA8_IRQHandler         0x00003961   0x16  Code  Gb  HW_DMA.o [1]
DMA9_IRQHandler         0x00003977   0x16  Code  Gb  HW_DMA.o [1]
DMA_ISR                 0x1fff06cc   0x40  Data  Gb  HW_DMA.o [1]
DefaultISR              0x00001b8b   0x16  Code  Gb  system_MK60.o [1]
Diagnostic_Reset_Source
                        0x00001e45   0x82  Code  Lc  system_MK60.o [1]
ENET_ISR                0x1fff070c   0x10  Data  Gb  HW_ENET.o [1]
Eth_Err_Misc_IRQHandler
                        0x00003d03   0x16  Code  Gb  HW_ENET.o [1]
Eth_IEEE1588_IRQHandler
                        0x00003ced   0x16  Code  Gb  HW_ENET.o [1]
Eth_RX_IRQHandler       0x00003ca1   0x26  Code  Gb  HW_ENET.o [1]
Eth_TX_IRQHandler       0x00003cc7   0x26  Code  Gb  HW_ENET.o [1]
FTM0_IRQHandler         0x00000cb9    0xa  Code  Gb  HW_FTM.o [1]
FTM1_IRQHandler         0x00000cc3    0xa  Code  Gb  HW_FTM.o [1]
FTM2_IRQHandler         0x00000ccd    0xa  Code  Gb  HW_FTM.o [1]
FTM_ISR                 0x1fff071c    0xc  Data  Gb  HW_FTM.o [1]
GPIO_ISR                0x1fff0728   0x14  Data  Gb  HW_GPIO.o [1]
HardFault_Handler       0x00001b7f    0xc  Code  Gb  system_MK60.o [1]
I2C0_IRQHandler         0x00003b09   0x5a  Code  Gb  HW_I2C.o [1]
I2C1_IRQHandler         0x00003b63   0x5a  Code  Gb  HW_I2C.o [1]
I2C_ISR                 0x1fff073c    0x8  Data  Gb  HW_I2C.o [1]
LPLD_CAN_Interrupt_ClearPending
                        0x000032f1   0x22  Code  Lc  HW_CAN.o [1]
LPLD_CAN_Interrupt_GetFlag
                        0x00003313   0x1e  Code  Lc  HW_CAN.o [1]
LPLD_CAN_MB_ISR         0x000033e7   0x5a  Code  Lc  HW_CAN.o [1]
LPLD_CAN_Receive_Interrupt
                        0x0000338b   0x5c  Code  Lc  HW_CAN.o [1]
LPLD_CAN_Transmit_Interrupt
                        0x00003331   0x5a  Code  Gb  HW_CAN.o [1]
LPLD_FTM_DEC_Init       0x00000cb1    0x8  Code  Lc  HW_FTM.o [1]
LPLD_FTM_IC_Init        0x0000071f   0x96  Code  Lc  HW_FTM.o [1]
LPLD_FTM_Init           0x00000425  0x120  Code  Gb  HW_FTM.o [1]
LPLD_FTM_PWM_ChangeDuty
                        0x000005ab   0x4e  Code  Gb  HW_FTM.o [1]
LPLD_FTM_PWM_Enable     0x00000545   0x66  Code  Gb  HW_FTM.o [1]
LPLD_FTM_PWM_Init       0x000005f9  0x126  Code  Lc  HW_FTM.o [1]
LPLD_FTM_PinInit        0x000007b5  0x4a2  Code  Lc  HW_FTM.o [1]
LPLD_FTM_QD_Init        0x00000c75   0x3c  Code  Lc  HW_FTM.o [1]
LPLD_LPTMR_GetPulseAcc  0x00002613    0x8  Code  Gb  HW_LPTMR.o [1]
LPLD_LPTMR_Init         0x00002539   0xda  Code  Gb  HW_LPTMR.o [1]
LPLD_PIT_EnableIrq      0x00002721   0x26  Code  Gb  HW_PIT.o [1]
LPLD_PIT_Init           0x0000266f   0xb2  Code  Gb  HW_PIT.o [1]
LPLD_PLL_Setup          0x000020d5  0x198  Code  Gb  HW_MCG.o [1]
LPLD_Set_SYS_DIV        0x1fff04dd   0x4c  Code  Gb  HW_MCG.o [1]
LPLD_UART_Init          0x000012f9  0x416  Code  Gb  HW_UART.o [1]
LPLD_UART_PutChar       0x0000170f    0xa  Code  Gb  HW_UART.o [1]
LPTMR_ISR               0x1fff0744    0x4  Data  Gb  HW_LPTMR.o [1]
LPT_IRQHandler          0x0000261b   0x16  Code  Gb  HW_LPTMR.o [1]
OS_CPU_SysTickHandler   0x0000454d    0xa  Code  Gb  HW_SYSTICK.o [1]
PDB_IRQHandler          0x00003d21   0x6a  Code  Gb  HW_PDB.o [1]
PDB_ISR                 0x1fff0748    0x4  Data  Gb  HW_PDB.o [1]
PDB_SE_ISR              0x1fff074c    0x4  Data  Gb  HW_PDB.o [1]
PIT0_IRQHandler         0x00002747   0x16  Code  Gb  HW_PIT.o [1]
PIT1_IRQHandler         0x0000275d   0x16  Code  Gb  HW_PIT.o [1]
PIT2_IRQHandler         0x00002773   0x16  Code  Gb  HW_PIT.o [1]
PIT3_IRQHandler         0x00002789   0x16  Code  Gb  HW_PIT.o [1]
PIT_ISR                 0x1fff0750   0x10  Data  Gb  HW_PIT.o [1]
PORTA_IRQHandler        0x000027d1   0x12  Code  Gb  HW_GPIO.o [1]
PORTB_IRQHandler        0x000027e3   0x12  Code  Gb  HW_GPIO.o [1]
PORTC_IRQHandler        0x000027f5   0x12  Code  Gb  HW_GPIO.o [1]
PORTD_IRQHandler        0x00002807   0x12  Code  Gb  HW_GPIO.o [1]
PORTE_IRQHandler        0x00002819   0x12  Code  Gb  HW_GPIO.o [1]
RTC_IRQHandler          0x00003e89   0x56  Code  Gb  HW_RTC.o [1]
RTC_ISR                 0x1fff0760    0xc  Data  Gb  HW_RTC.o [1]
Region$$Table$$Base     0x00004254          --   Gb  - Linker created -
Region$$Table$$Limit    0x00004264          --   Gb  - Linker created -
SPI0_IRQHandler         0x000030d9   0xaa  Code  Gb  HW_SPI.o [1]
SPI0_ISR                0x1fff076c   0x18  Data  Gb  HW_SPI.o [1]
SPI1_IRQHandler         0x00003183   0xaa  Code  Gb  HW_SPI.o [1]
SPI1_ISR                0x1fff0784   0x18  Data  Gb  HW_SPI.o [1]
SPI2_IRQHandler         0x0000322d   0xaa  Code  Gb  HW_SPI.o [1]
SPI2_ISR                0x1fff079c   0x18  Data  Gb  HW_SPI.o [1]
SYSTICK_ISR             0x1fff07b4    0x4  Data  Gb  HW_SYSTICK.o [1]
SystemCoreClock         0x1fff04d8    0x4  Data  Gb  system_MK60.o [1]
SystemCoreClockUpdate   0x00001b51   0x2e  Code  Gb  system_MK60.o [1]
SystemInit              0x00001a15  0x13c  Code  Gb  system_MK60.o [1]
TSI_IRQHandler          0x00003e19   0x5c  Code  Gb  HW_TSI.o [1]
TSI_ISR                 0x1fff07b8    0x8  Data  Gb  HW_TSI.o [1]
UART0_ERR_IRQHandler    0x00001a09    0x2  Code  Gb  HW_UART.o [1]
UART0_IRQHandler        0x00001719   0x58  Code  Gb  HW_UART.o [1]
UART1_ERR_IRQHandler    0x00001a0b    0x2  Code  Gb  HW_UART.o [1]
UART1_IRQHandler        0x00001771   0x58  Code  Gb  HW_UART.o [1]
UART2_ERR_IRQHandler    0x00001a0d    0x2  Code  Gb  HW_UART.o [1]
UART2_IRQHandler        0x000017c9   0x58  Code  Gb  HW_UART.o [1]
UART3_ERR_IRQHandler    0x00001a0f    0x2  Code  Gb  HW_UART.o [1]
UART3_IRQHandler        0x00001821   0x58  Code  Gb  HW_UART.o [1]
UART4_ERR_IRQHandler    0x00001a11    0x2  Code  Gb  HW_UART.o [1]
UART4_IRQHandler        0x00001879   0x58  Code  Gb  HW_UART.o [1]
UART5_ERR_IRQHandler    0x00001a13    0x2  Code  Gb  HW_UART.o [1]
UART5_IRQHandler        0x000018d1   0x58  Code  Gb  HW_UART.o [1]
UART_R_ISR              0x1fff07c0   0x18  Data  Gb  HW_UART.o [1]
UART_T_ISR              0x1fff07d8   0x18  Data  Gb  HW_UART.o [1]
USB_ISR                 0x1fff07f0    0x4  Data  Gb  HW_USB.o [1]
USB_OTG_IRQHandler      0x0000455d    0xa  Code  Gb  HW_USB.o [1]
__BOOT_STACK_ADDRESS {Abs}
                        0x2000fff8         Data  Gb  command line/config [2]
__NVIC_EnableIRQ        0x00002655   0x1a  Code  Lc  HW_PIT.o [1]
__VECTOR_RAM {Abs}      0x1fff0000         Data  Gb  command line/config [2]
__VECTOR_TABLE {Abs}    0x00000000         Data  Gb  command line/config [2]
__Vectors               0x00000000          --   Gb  startup_K60DZ10.o [1]
__Vectors_End           0x00000400         Data  Gb  startup_K60DZ10.o [1]
__Vectors_Size {Abs}    0x00000400          --   Gb  startup_K60DZ10.o [1]
__aeabi_d2uiz           0x00003855         Code  Gb  DblToU32.o [4]
__aeabi_dadd            0x00002c45         Code  Gb  DblAdd.o [4]
__aeabi_ddiv            0x00002dbd         Code  Gb  DblDiv.o [4]
__aeabi_dmul            0x00002aa1         Code  Gb  DblMul.o [4]
__aeabi_f2d             0x00003765         Code  Gb  FltToDbl.o [4]
__aeabi_fdiv            0x00003669         Code  Gb  FltDiv.o [4]
__aeabi_memclr4         0x00003661         Code  Gb  ABImemclr4.o [5]
__aeabi_memcpy4         0x00000d5d         Code  Gb  ABImemcpy.o [5]
__aeabi_memcpy8         0x00000d5d         Code  Gb  ABImemcpy.o [5]
__cmain                 0x00004355         Code  Gb  cmain.o [5]
__exit                  0x0000438d   0x14  Code  Gb  exit.o [6]
__iar_Atan64            0x00002849  0x1be  Code  Gb  iar_Atan64.o [4]
__iar_Memset4_word      0x0000387d         Code  Gb  ABImemset48.o [5]
__iar_Memset8_word      0x0000387d         Code  Gb  ABImemset48.o [5]
__iar_atan64            0x000037ad   0xa8  Code  Gb  atan64.o [4]
__iar_dadd              0x00003005         Code  Gb  DblSub.o [4]
__iar_data_init3        0x000041e5   0x28  Code  Gb  data_init.o [5]
__iar_dsub              0x00002c55         Code  Gb  DblAdd.o [4]
__iar_dsubStart         0x00002c67         Code  Gb  DblAdd.o [4]
__iar_program_start     0x00004585         Code  Gb  cstartup_M.o [5]
__iar_systems$$module {Abs}
                        0x00000001         Data  Gb  command line/config [2]
__iar_zero_init3        0x00004005   0x40  Code  Gb  zero_init3.o [5]
__low_level_init        0x0000436f    0x4  Code  Gb  low_level_init.o [3]
__vector_table          0x00000000         Data  Gb  startup_K60DZ10.o [1]
__vector_table_0x1c     0x0000001c         Data  Gb  startup_K60DZ10.o [1]
_call_main              0x00004361         Code  Gb  cmain.o [5]
_exit                   0x00004381         Code  Gb  cexit.o [5]
_main                   0x0000436b         Code  Gb  cmain.o [5]
a                       0x00002a60   0x40  Data  Lc  iar_Atan64.o [4]
app__blind              0x00003da1   0x78  Code  Gb  blind.o [1]
assert_failed           0x00000d49   0x14  Code  Gb  assert.o [1]
atan                    0x000037ad   0xa8  Code  Gb  atan64.o [4]
atanl                   0x000037ad   0xa8  Code  Gb  atan64.o [4]
average_num             0x1fff07f8    0x4  Data  Lc  motor.o [1]
common_relocate         0x0000202d   0xa0  Code  Gb  relocate.o [1]
cpu_identify            0x00001ba5  0x1fa  Code  Lc  system_MK60.o [1]
dir                     0x1fff0528    0x4  Data  Lc  blind.o [1]
exit                    0x0000437b    0x4  Code  Gb  exit.o [3]
flash_identify          0x00001d9f   0xa6  Code  Lc  system_MK60.o [1]
flexcan_msgobj_param_t  0x1fff0534  0x100  Data  Gb  HW_CAN.o [1]
g_bus_clock             0x1fff04cc    0x4  Data  Gb  HW_MCG.o [1]
g_core_clock            0x1fff04c8    0x4  Data  Gb  HW_MCG.o [1]
g_flash_clock           0x1fff04d0    0x4  Data  Gb  HW_MCG.o [1]
g_flexbus_clock         0x1fff04d4    0x4  Data  Gb  HW_MCG.o [1]
main                    0x00004373    0x8  Code  Gb  program.o [1]
memset                  0x000012d9   0x1e  Code  Gb  stdlib.o [1]
motor_controller__config
                        0x00002323  0x150  Code  Gb  motor.o [1]
motor_controller__enable
                        0x000024ff   0x1c  Code  Gb  motor.o [1]
motor_controller__set_duty
                        0x00002473   0x8c  Code  Gb  motor.o [1]
mtrctrl                 0x1fff0440   0x88  Data  Lc  blind.o [1]
mtrctrl                 0x1fff07f4    0x4  Data  Lc  motor.o [1]
out_char                0x00004509    0xe  Code  Gb  io.o [1]
pit_motor_controller    0x0000226d   0xb6  Code  Lc  motor.o [1]
pit_motor_controller::pit_enter_counter
                        0x1fff07fc    0x4  Data  Lc  motor.o [1]
pit_motor_controller::placc_temp_value
                        0x1fff0800    0x4  Data  Lc  motor.o [1]
printf                  0x0000129b   0x1e  Code  Gb  printf.o [1]
printk                  0x00000ec1  0x3da  Code  Gb  printf.o [1]
printk_mknumstr         0x00000e11   0x74  Code  Lc  printf.o [1]
printk_pad_space        0x00000ea3   0x1e  Code  Lc  printf.o [1]
printk_pad_zero         0x00000e85   0x1e  Code  Lc  printf.o [1]
printk_putc             0x00000de5   0x2c  Code  Lc  printf.o [1]
servo__config           0x000034d1   0x70  Code  Gb  servo.o [1]
servo__set_radius_dir   0x00003541  0x11c  Code  Gb  servo.o [1]
srv                     0x1fff0804    0x4  Data  Lc  servo.o [1]
steer                   0x1fff0410   0x30  Data  Lc  blind.o [1]
strlen                  0x000012bd   0x1c  Code  Gb  stdlib.o [1]


[1] = C:\Users\19071_000\Desktop\K60_Car\program\program\iar\RAM\Obj
[2] = command line
[3] = dl7M_tln.a
[4] = m7M_tl.a
[5] = rt7M_tl.a
[6] = shb_l.a

  16 156 bytes of readonly  code memory
      76 bytes of readwrite code memory
   1 788 bytes of readonly  data memory
   5 036 bytes of readwrite data memory

Errors: none
Warnings: none
